// Jest Snapshot v1, https://goo.gl/fbAQLP

exports[`Avatar has the correct content when created: 
<template>
    <img id="image" part="image">
    <div id="initials" part="initials"></div>
    <slot id="fallback" part="fallback" visible="true">
    </slot>
</template>
 1`] = `
<img id="image"
     part="image"
>
<div id="initials"
     part="initials"
>
</div>
<slot id="fallback"
      part="fallback"
>
</slot>
`;
