// Jest Snapshot v1, https://goo.gl/fbAQLP

exports[`Atlas Button has the correct content when created 1`] = `
<button part="button"
        type="button"
>
  <slot name="prefix"
        part="prefix"
  >
  </slot>
  <slot part="label">
  </slot>
  <slot name="suffix"
        part="suffix"
  >
  </slot>
</button>
`;
