// Jest Snapshot v1, https://goo.gl/fbAQLP

exports[`Input Chip Group matches simple snapshot 1`] = `
<slot name="label"
      part="label"
>
</slot>
<slot name="chips-label"
      part="chips-label"
>
</slot>
<div part="chips-scroll-view">
  <slot part="chips">
  </slot>
</div>
<slot name="controls"
      part="controls"
>
</slot>
<slot name="input"
      part="input"
>
</slot>
<div part="suggestion-scroll-view">
  <slot name="suggestion"
        part="suggestion"
  >
  </slot>
</div>
`;

exports[`Input Chip Group matches slotted chips snapshot 1`] = `
<slot name="label"
      part="label"
>
</slot>
<slot name="chips-label"
      part="chips-label"
>
</slot>
<div part="chips-scroll-view">
  <slot part="chips">
  </slot>
</div>
<slot name="controls"
      part="controls"
>
</slot>
<slot name="input"
      part="input"
>
</slot>
<div part="suggestion-scroll-view">
  <slot name="suggestion"
        part="suggestion"
  >
  </slot>
</div>
`;
